// Jest Snapshot v1, https://goo.gl/fbAQLP

exports[`Tests in <GifExpertApp /> should show the component correctly 1`] = `
<Fragment>
  <h2>
    GifExpertApp
  </h2>
  <AddCategory
    setCategories={[Function]}
  />
  <hr />
  <ol>
    <GifGrid
      category="Rupaul"
      key="Rupaul"
    />
    <GifGrid
      category="Miss Vanjie"
      key="Miss Vanjie"
    />
  </ol>
</Fragment>
`;
