// Jest Snapshot v1, https://goo.gl/fbAQLP

exports[`Tests in <AddCategory /> should show the component correctly 1`] = `
<form
  onSubmit={[Function]}
>
  <input
    onChange={[Function]}
    required={true}
    type="text"
    value=""
  />
</form>
`;
